*** Creating network
*** Adding hosts:
h1 h2 h3 h4 h5 h6 h7 h8 
*** Adding switches:
s1 
*** Adding links:
(5ms delay) (5ms delay) (h1, s1) (5ms delay) (5ms delay) (h2, s1) (5ms delay) (5ms delay) (h3, s1) (5ms delay) (5ms delay) (h4, s1) (5ms delay) (5ms delay) (s1, h5) (5ms delay) (5ms delay) (s1, h6) (5ms delay) (5ms delay) (s1, h7) (5ms delay) (5ms delay) (s1, h8) 
*** Configuring hosts
h1 h2 h3 h4 h5 h6 h7 h8 
*** Starting controller

*** Starting 1 switches
s1 Starting P4 switch s1.
simple_switch -i 1@s1-eth1 -i 2@s1-eth2 -i 3@s1-eth3 -i 4@s1-eth4 -i 5@s1-eth5 -i 6@s1-eth6 -i 7@s1-eth7 -i 8@s1-eth8 --thrift-port 9090 --nanolog ipc:///tmp/bm-0-log.ipc --device-id 0 /media/sf_p4cci_baseline_v2/build/p4cci_switch.json
P4 switch s1 has been started.

[CCA] h1: cubic
[CCA] h3: cubic
[CCA] h2: bbr
[CCA] h4: bbr

*** Connectivity check (ping)...
*** Ping: testing ping reachability
h1 -> X h3 h4 h5 h6 h7 h8 
h2 -> h1 h3 h4 h5 h6 h7 h8 
h3 -> h1 h2 h4 h5 h6 h7 h8 
h4 -> h1 h2 h3 h5 h6 h7 h8 
h5 -> h1 h2 h3 h4 h6 h7 h8 
h6 -> h1 h2 h3 h4 h5 h7 h8 
h7 -> h1 h2 h3 h4 h5 h6 h8 
h8 -> h1 h2 h3 h4 h5 h6 h7 
*** Results: 1% dropped (55/56 received)
*** [4flow] Starting iperf servers...
*** [4flow] Launching 4 simultaneous flows (duration=60s)...
*** [4flow] Waiting 60s for flows to complete...

[collect_metrics] Run 19 | mode=p4cci | duration=60s
  Flow hash IDs: ['0x62c9', '0xd369', '0xbc09', '0xad4a']
    Flow 0x62c9: fwd_bytes=0  drops=0  throughput=0.0000 Mbps
    Flow 0xd369: fwd_bytes=0  drops=0  throughput=0.0000 Mbps
    Flow 0xbc09: fwd_bytes=0  drops=0  throughput=0.0000 Mbps
    Flow 0xad4a: fwd_bytes=0  drops=0  throughput=0.0000 Mbps

  ── Results ─────────────────────────────
  JFI              : 0.0000  (1.0 = perfect)
  Agg Throughput   : 0.0000 Mbps / 3.0 Mbps
  Link Utilization : 0.00%
  Packet Drop Ratio: 0.0000%

  Row appended to /media/sf_p4cci_baseline_v2/results/p4cci_statistical_results.csv
