*** Creating network
*** Adding hosts:
h1 h2 h3 h4 h5 h6 h7 h8 
*** Adding switches:
s1 
*** Adding links:
(5ms delay) (5ms delay) (h1, s1) (5ms delay) (5ms delay) (h2, s1) (5ms delay) (5ms delay) (h3, s1) (5ms delay) (5ms delay) (h4, s1) (5ms delay) (5ms delay) (s1, h5) (5ms delay) (5ms delay) (s1, h6) (5ms delay) (5ms delay) (s1, h7) (5ms delay) (5ms delay) (s1, h8) 
*** Configuring hosts
h1 h2 h3 h4 h5 h6 h7 h8 
*** Starting controller

*** Starting 1 switches
s1 Starting P4 switch s1.
simple_switch -i 1@s1-eth1 -i 2@s1-eth2 -i 3@s1-eth3 -i 4@s1-eth4 -i 5@s1-eth5 -i 6@s1-eth6 -i 7@s1-eth7 -i 8@s1-eth8 --thrift-port 9090 --nanolog ipc:///tmp/bm-0-log.ipc --device-id 0 /media/sf_p4cci_baseline_v2/build/p4cci_switch.json
P4 switch s1 has been started.

[CCA] h1: cubic (Loss-based)
[CCA] h2: bbr (Model-based)
[CCA] h3: vegas (Delay-based)
[CCA] h4: illinois (Loss-based)
*** Installing P4 switch rules...
Obtaining JSON from switch...
Done
Control utility for runtime P4 table manipulation
RuntimeCmd: Adding entry to lpm match table ipv4_lpm
match key:           LPM-0a:00:00:01/32
action:              ipv4_forward
runtime data:        00:00:00:00:00:01	00:01
Entry has been added with handle 0
RuntimeCmd: Adding entry to lpm match table ipv4_lpm
match key:           LPM-0a:00:00:02/32
action:              ipv4_forward
runtime data:        00:00:00:00:00:02	00:02
Entry has been added with handle 1
RuntimeCmd: Adding entry to lpm match table ipv4_lpm
match key:           LPM-0a:00:00:03/32
action:              ipv4_forward
runtime data:        00:00:00:00:00:03	00:03
Entry has been added with handle 2
RuntimeCmd: Adding entry to lpm match table ipv4_lpm
match key:           LPM-0a:00:00:04/32
action:              ipv4_forward
runtime data:        00:00:00:00:00:04	00:04
Entry has been added with handle 3
RuntimeCmd: Adding entry to lpm match table ipv4_lpm
match key:           LPM-0a:00:00:05/32
action:              ipv4_forward
runtime data:        00:00:00:00:00:05	00:05
Entry has been added with handle 4
RuntimeCmd: Adding entry to lpm match table ipv4_lpm
match key:           LPM-0a:00:00:06/32
action:              ipv4_forward
runtime data:        00:00:00:00:00:06	00:06
Entry has been added with handle 5
RuntimeCmd: Adding entry to lpm match table ipv4_lpm
match key:           LPM-0a:00:00:07/32
action:              ipv4_forward
runtime data:        00:00:00:00:00:07	00:07
Entry has been added with handle 6
RuntimeCmd: Adding entry to lpm match table ipv4_lpm
match key:           LPM-0a:00:00:08/32
action:              ipv4_forward
runtime data:        00:00:00:00:00:08	00:08
Entry has been added with handle 7
RuntimeCmd: Adding entry to exact match table queue_assignment
match key:           EXACT-00
action:              assign_to_queue
runtime data:        00
Entry has been added with handle 0
RuntimeCmd: Adding entry to exact match table queue_assignment
match key:           EXACT-01
action:              assign_to_queue
runtime data:        01
Entry has been added with handle 1
RuntimeCmd: Adding entry to exact match table queue_assignment
match key:           EXACT-02
action:              assign_to_queue
runtime data:        02
Entry has been added with handle 2
RuntimeCmd: Adding entry to ternary match table cca_classification
match key:           TERNARY-0a:00:00:01 &&& ff:ff:ff:ff	TERNARY-0a:00:00:05 &&& ff:ff:ff:ff	TERNARY-00:00 &&& 00:00	TERNARY-13:89 &&& ff:ff
action:              set_cca_class
runtime data:        01
Entry has been added with handle 0
RuntimeCmd: Adding entry to ternary match table cca_classification
match key:           TERNARY-0a:00:00:02 &&& ff:ff:ff:ff	TERNARY-0a:00:00:06 &&& ff:ff:ff:ff	TERNARY-00:00 &&& 00:00	TERNARY-13:8a &&& ff:ff
action:              set_cca_class
runtime data:        02
Entry has been added with handle 1
RuntimeCmd: Adding entry to ternary match table cca_classification
match key:           TERNARY-0a:00:00:03 &&& ff:ff:ff:ff	TERNARY-0a:00:00:07 &&& ff:ff:ff:ff	TERNARY-00:00 &&& 00:00	TERNARY-13:8b &&& ff:ff
action:              set_cca_class
runtime data:        02
Entry has been added with handle 2
RuntimeCmd: Adding entry to ternary match table cca_classification
match key:           TERNARY-0a:00:00:04 &&& ff:ff:ff:ff	TERNARY-0a:00:00:08 &&& ff:ff:ff:ff	TERNARY-00:00 &&& 00:00	TERNARY-13:8c &&& ff:ff
action:              set_cca_class
runtime data:        01
Entry has been added with handle 3
RuntimeCmd: Adding entry to ternary match table cca_classification
match key:           TERNARY-0a:00:00:04 &&& ff:ff:ff:ff	TERNARY-0a:00:00:08 &&& ff:ff:ff:ff	TERNARY-00:00 &&& 00:00	TERNARY-13:8c &&& ff:ff
action:              set_cca_class
runtime data:        01
Invalid table operation (DUPLICATE_ENTRY)
RuntimeCmd: 
*** Applying queue rate limits (250 pps ≈ 3 Mbps)...
Obtaining JSON from switch...
Done
Control utility for runtime P4 table manipulation
RuntimeCmd: RuntimeCmd: 
Obtaining JSON from switch...
Done
Control utility for runtime P4 table manipulation
RuntimeCmd: RuntimeCmd: 
Obtaining JSON from switch...
Done
Control utility for runtime P4 table manipulation
RuntimeCmd: RuntimeCmd: 
Obtaining JSON from switch...
Done
Control utility for runtime P4 table manipulation
RuntimeCmd: RuntimeCmd: 
*** Rules and rate limits installed.

*** Ping test...
*** Ping: testing ping reachability
h1 -> h2 h3 h4 h5 h6 h7 h8 
h2 -> h1 h3 h4 h5 h6 h7 h8 
h3 -> h1 h2 h4 h5 h6 h7 h8 
h4 -> h1 h2 h3 h5 h6 h7 h8 
h5 -> h1 h2 h3 h4 h6 h7 h8 
h6 -> h1 h2 h3 h4 h5 h7 h8 
h7 -> h1 h2 h3 h4 h5 h6 h8 
h8 -> h1 h2 h3 h4 h5 h6 h7 
*** Results: 0% dropped (56/56 received)
*** Starting iperf servers...
    h5:5001 ✓
    h6:5002 ✓
    h7:5003 ✓
    h8:5004 ✓
*** Launching 4 flows for 60s...
*** Waiting for all flows to complete...
    h1 (cubic) finished.
    h2 (bbr) finished.
    h3 (vegas) finished.
    h4 (illinois) finished.
*** Traffic complete. Log files:
    /media/sf_p4cci_baseline_v2/logs/run_5/h1_cubic.txt: 402 bytes
    /media/sf_p4cci_baseline_v2/logs/run_5/h2_bbr.txt: 402 bytes
    /media/sf_p4cci_baseline_v2/logs/run_5/h3_vegas.txt: 401 bytes
    /media/sf_p4cci_baseline_v2/logs/run_5/h4_illinois.txt: 402 bytes
*** Stopping 0 controllers

*** Stopping 8 links
........
*** Stopping 1 switches
s1 
*** Stopping 8 hosts
h1 h2 h3 h4 h5 h6 h7 h8 
*** Done

[collect_metrics] Run 5 | mode=p4cci | duration=60s
  Log directory: /media/sf_p4cci_baseline_v2/logs/run_5

  Flow h1 (CUBIC)  ← /media/sf_p4cci_baseline_v2/logs/run_5/h1_cubic.txt
      | ------------------------------------------------------------
      | Client connecting to 10.0.0.5, TCP port 5001
      | TCP window size: 64.0 KByte (default)
      | ------------------------------------------------------------
      | [  1] local 10.0.0.1 port 43644 connected with 10.0.0.5 port 5001 (icwnd/mss/irtt=14/1448/105661)
      | [ ID] Interval       Transfer     Bandwidth
    → throughput: 0.0000 Mbps  retransmits: 0

  Flow h2 (BBR)  ← /media/sf_p4cci_baseline_v2/logs/run_5/h2_bbr.txt
      | ------------------------------------------------------------
      | Client connecting to 10.0.0.6, TCP port 5002
      | TCP window size: 64.0 KByte (default)
      | ------------------------------------------------------------
      | [  1] local 10.0.0.2 port 57848 connected with 10.0.0.6 port 5002 (icwnd/mss/irtt=14/1448/122021)
      | [ ID] Interval       Transfer     Bandwidth
    → throughput: 0.0000 Mbps  retransmits: 0

  Flow h3 (CUBIC)  ← /media/sf_p4cci_baseline_v2/logs/run_5/h3_cubic.txt
      | ------------------------------------------------------------
      | Client connecting to 10.0.0.7, TCP port 5003
      | TCP window size: 64.0 KByte (default)
      | ------------------------------------------------------------
      | [  1] local 10.0.0.3 port 34642 connected with 10.0.0.7 port 5003 (icwnd/mss/irtt=14/1448/1082000)
      | [ ID] Interval       Transfer     Bandwidth
    → throughput: 0.0000 Mbps  retransmits: 0

  Flow h4 (BBR)  ← /media/sf_p4cci_baseline_v2/logs/run_5/h4_bbr.txt
      | ------------------------------------------------------------
      | Client connecting to 10.0.0.8, TCP port 5004
      | TCP window size: 64.0 KByte (default)
      | ------------------------------------------------------------
      | [  1] local 10.0.0.4 port 49430 connected with 10.0.0.8 port 5004 (icwnd/mss/irtt=14/1448/282424)
      | [ ID] Interval       Transfer     Bandwidth
    → throughput: 0.0000 Mbps  retransmits: 0

  ── Results ──────────────────────────────────────
  Flow throughputs : [0.0, 0.0, 0.0, 0.0] Mbps
  JFI              : 0.0000  (1.0 = perfect)
  Agg Throughput   : 0.0000 Mbps / 3.0 Mbps capacity
  Link Utilization : 0.00%
  Packet Drop Ratio: 0.0000%

  Row appended to /media/sf_p4cci_baseline_v2/results/p4cci_statistical_results.csv
